// Jest Snapshot v1, https://jestjs.io/docs/snapshot-testing

exports[`Test 12 — Snapshot DEKAM target=A snapshot (Faz 5.2) 1`] = `
[
  {
    "actionCount": 1,
    "actions": [
      "A06",
    ],
    "label": "Faaliyet odaklı senaryo (A06)",
    "targetReached": false,
  },
  {
    "actionCount": 1,
    "actions": [
      "A12",
    ],
    "label": "Kaldıraç odaklı senaryo (A12)",
    "targetReached": false,
  },
  {
    "actionCount": 1,
    "actions": [
      "A10",
    ],
    "label": "Kaldıraç odaklı senaryo (A10)",
    "targetReached": false,
  },
  {
    "actionCount": 1,
    "actions": [
      "A18",
    ],
    "label": "Kârlılık odaklı senaryo (A18)",
    "targetReached": false,
  },
  {
    "actionCount": 1,
    "actions": [
      "A05",
    ],
    "label": "Faaliyet odaklı senaryo (A05)",
    "targetReached": false,
  },
  {
    "actionCount": 2,
    "actions": [
      "A06",
      "A12",
    ],
    "label": "Karma senaryo",
    "targetReached": false,
  },
  {
    "actionCount": 2,
    "actions": [
      "A06",
      "A10",
    ],
    "label": "Karma senaryo",
    "targetReached": false,
  },
]
`;

exports[`Test 12 — Snapshot TRADE target=A snapshot 1`] = `
[
  {
    "actionCount": 1,
    "actions": [
      "A18",
    ],
    "label": "Kârlılık odaklı senaryo (A18)",
    "targetReached": false,
  },
  {
    "actionCount": 1,
    "actions": [
      "A12",
    ],
    "label": "Kaldıraç odaklı senaryo (A12)",
    "targetReached": false,
  },
  {
    "actionCount": 1,
    "actions": [
      "A10",
    ],
    "label": "Kaldıraç odaklı senaryo (A10)",
    "targetReached": false,
  },
  {
    "actionCount": 1,
    "actions": [
      "A06",
    ],
    "label": "Faaliyet odaklı senaryo (A06)",
    "targetReached": false,
  },
  {
    "actionCount": 1,
    "actions": [
      "A05",
    ],
    "label": "Faaliyet odaklı senaryo (A05)",
    "targetReached": false,
  },
  {
    "actionCount": 2,
    "actions": [
      "A18",
      "A12",
    ],
    "label": "Karma senaryo",
    "targetReached": false,
  },
  {
    "actionCount": 2,
    "actions": [
      "A10",
      "A18",
    ],
    "label": "Karma senaryo",
    "targetReached": false,
  },
]
`;
